// Jest Snapshot v1, https://goo.gl/fbAQLP

exports[`CourseCard Component should apply a border color based on course ID 1`] = `
<div
  class="bg-[#1A1A1A] text-gray-300 rounded-lg p-6 h-full transition-all hover:opacity-90 cursor-pointer border-b-2 border-yellow-500 border-opacity-70"
>
  <h2
    class="text-xl font-light mb-2"
  >
    Test Course
  </h2>
</div>
`;
